<?xml version="1.0" encoding="UTF-8"?>
<testsuites name="Mocha Tests" time="0.004" tests="1" failures="0">
  <testsuite name="Root Suite" timestamp="2025-09-18T20:21:53" tests="0" time="0.000" failures="0">
  </testsuite>
  <testsuite name="Sample Test" timestamp="2025-09-18T20:21:53" tests="1" file="C:\Users\Abdul Ahad\Desktop\Assignment 2\Matrix-build\test\Test.js" time="0.002" failures="0">
    <testcase name="Sample Test should return true" time="0.001" classname="should return true">
    </testcase>
  </testsuite>
</testsuites>